2023-12-15 14:14:10,552 - INFO - test - H
2023-12-15 14:14:28,106 - INFO - test - H
2023-12-15 14:14:28,106 - INFO - test - H
2023-12-15 14:14:32,925 - WARNING - test - H
2023-12-15 14:14:32,925 - WARNING - test - H
2023-12-15 14:14:32,925 - WARNING - test - H
2023-12-15 14:14:37,008 - WARNING - test - H
2023-12-15 14:14:37,008 - WARNING - test - H
2023-12-15 14:14:37,008 - WARNING - test - H
2023-12-15 14:14:37,008 - WARNING - test - H
2023-12-15 14:15:05,479 - ERROR - test - H
2023-12-15 14:15:05,479 - ERROR - test - H
2023-12-15 14:15:05,479 - ERROR - test - H
2023-12-15 14:15:05,479 - ERROR - test - H
2023-12-15 14:15:05,479 - ERROR - test - H
2023-12-15 14:15:06,278 - ERROR - test - H
2023-12-15 14:15:06,278 - ERROR - test - H
2023-12-15 14:15:06,278 - ERROR - test - H
2023-12-15 14:15:06,278 - ERROR - test - H
2023-12-15 14:15:06,278 - ERROR - test - H
2023-12-15 14:15:06,278 - ERROR - test - H
2023-12-15 14:15:53,879 - ERROR - test - H
2023-12-15 14:15:53,879 - ERROR - test - H
2023-12-15 14:15:53,879 - ERROR - test - H
2023-12-15 14:15:53,879 - ERROR - test - H
2023-12-15 14:15:53,879 - ERROR - test - H
2023-12-15 14:15:53,879 - ERROR - test - H
2023-12-15 14:15:53,879 - ERROR - test - H
